<?xml version="1.0" encoding="UTF-8"?>
<project xmlns="http://maven.apache.org/POM/4.0.0" xmlns:xsi="http://www.w3.org/2001/XMLSchema-instance" xsi:schemaLocation="http://maven.apache.org/POM/4.0.0 https://maven.apache.org/xsd/maven-4.0.0.xsd">
  <modelVersion>[version]</modelVersion>

  <artifactId>seed4j-test-maven-project</artifactId>
  <version>[version]</version>
  <name>Test project</name>
  <packaging>pom</packaging>

  <properties>
    <json-web-token.version>[version]</json-web-token.version>
    <logstash-logback-encoder.version>[version]</logstash-logback-encoder.version>
    <spring-boot.version>[version]</spring-boot.version>
    <commons-lang3.version>[version]</commons-lang3.version>
    <reflections.version>[version]</reflections.version>
    <maven-enforcer-plugin.version>[version]</maven-enforcer-plugin.version>
    <spring-profiles-active>local</spring-profiles-active>
    <cassandraunit.version>[version]</cassandraunit.version>
  </properties>

  <dependencyManagement>
    <dependencies>
      <dependency>
        <groupId>org.springframework.boot</groupId>
        <artifactId>spring-boot-dependencies</artifactId>
        <version>${spring-boot.version}</version>
        <type>pom</type>
        <scope>import</scope>
      </dependency>
      <dependency>
        <groupId>org.springframework.boot</groupId>
        <artifactId>spring-boot-dependencies</artifactId>
        <version>${spring-boot.version}</version>
        <scope>import</scope>
      </dependency>
      <dependency>
        <groupId>org.apache.commons</groupId>
        <artifactId>commons-lang3</artifactId>
        <version>${commons-lang3.version}</version>
        <scope>test</scope>
      </dependency>
    </dependencies>
  </dependencyManagement>

  <dependencies>
    <dependency>
      <groupId>io.jsonwebtoken</groupId>
      <artifactId>jjwt-api</artifactId>
      <version>${json-web-token.version}</version>
      <classifier>classif</classifier>
      <scope>test</scope>
      <optional>true</optional>
    </dependency>
    <dependency>
      <groupId>org.reflections</groupId>
      <artifactId>reflections</artifactId>
      <version>${reflections.version}</version>
      <scope>test</scope>
    </dependency>
    <dependency>
      <groupId>org.springframework.boot</groupId>
      <artifactId>spring-boot-starter</artifactId>
    </dependency>
    <dependency>
      <groupId>io.jsonwebtoken</groupId>
      <artifactId>jjwt-api</artifactId>
      <version>${json-web-token.version}</version>
    </dependency>
    <dependency>
      <groupId>org.springframework.boot</groupId>
      <artifactId>spring-boot-starter-web</artifactId>
      <exclusions>
        <exclusion>
          <groupId>org.springframework.boot</groupId>
          <artifactId>spring-boot-starter-tomcat</artifactId>
        </exclusion>
      </exclusions>
    </dependency>
    <dependency>
      <groupId>org.junit.jupiter</groupId>
      <artifactId>junit-jupiter-engine</artifactId>
      <version>${spring-boot.version}</version>
      <classifier>test</classifier>
      <scope>test</scope>
      <optional>true</optional>
    </dependency>
  </dependencies>

  <build>
    <plugins>
      <plugin>
        <groupId>org.springframework.boot</groupId>
        <artifactId>spring-boot-maven-plugin</artifactId>
      </plugin>
      <plugin>
        <artifactId>maven-enforcer-plugin</artifactId>
      </plugin>
      <plugin>
        <groupId>org.asciidoctor</groupId>
        <artifactId>asciidoctor-maven-plugin</artifactId>
        <dependencies>
          <dependency>
            <groupId>org.asciidoctor</groupId>
            <artifactId>asciidoctorj-screenshot</artifactId>
          </dependency>
          <dependency>
            <groupId>org.asciidoctor</groupId>
            <artifactId>asciidoctorj-diagram</artifactId>
          </dependency>
        </dependencies>
      </plugin>
    </plugins>
    <pluginManagement>
      <plugins>
        <plugin>
          <groupId>org.springframework.boot</groupId>
          <artifactId>spring-boot-maven-plugin</artifactId>
          <version>${spring-boot.version}</version>
          <executions>
            <execution>
              <goals>
                <goal>repackage</goal>
              </goals>
            </execution>
          </executions>
          <configuration>
            <mainClass>${start-class}</mainClass>
          </configuration>
        </plugin>
        <plugin>
          <artifactId>maven-enforcer-plugin</artifactId>
          <version>${maven-enforcer-plugin.version}</version>
          <executions>
            <execution>
              <id>enforce-versions</id>
              <goals>
                <goal>enforce</goal>
              </goals>
            </execution>
            <execution>
              <id>enforce-dependencyConvergence</id>
              <goals>
                <goal>enforce</goal>
              </goals>
              <configuration>
                <rules>
                  <DependencyConvergence />
                </rules>
                <fail>false</fail>
              </configuration>
            </execution>
          </executions>
          <dependencies>
            <dependency>
              <groupId>io.jsonwebtoken</groupId>
              <artifactId>jjwt-jackson</artifactId>
              <version>${json-web-token.version}</version>
              <exclusions>
                <exclusion>
                  <groupId>com.fasterxml.jackson.core</groupId>
                  <artifactId>jackson-databind</artifactId>
                </exclusion>
              </exclusions>
            </dependency>
          </dependencies>
          <configuration>
            <rules>
              <requireMavenVersion>
                <message>You are running an older version of Maven. Seed4J requires at least Maven ${maven.version}</message>
                <version>[${maven.version},)</version>
              </requireMavenVersion>
              <requireJavaVersion>
                <message>You are running an incompatible version of Java. Seed4J engine supports JDK 25+.</message>
                <version>[${java.version},)</version>
              </requireJavaVersion>
            </rules>
          </configuration>
        </plugin>
      </plugins>
    </pluginManagement>
  </build>
  <profiles>
    <profile>
      <id>local</id>
      <activation />
      <build>
        <pluginManagement>
          <plugins>
            <plugin>
              <artifactId>maven-enforcer-plugin</artifactId>
              <version>${maven-enforcer-plugin.version}</version>
              <executions>
                <execution>
                  <id>enforce-versions</id>
                  <goals>
                    <goal>enforce</goal>
                  </goals>
                </execution>
                <execution>
                  <id>enforce-dependencyConvergence</id>
                  <goals>
                    <goal>enforce</goal>
                  </goals>
                  <configuration>
                    <rules>
                      <DependencyConvergence />
                    </rules>
                    <fail>false</fail>
                  </configuration>
                </execution>
              </executions>
              <dependencies>
                <dependency>
                  <groupId>io.jsonwebtoken</groupId>
                  <artifactId>jjwt-jackson</artifactId>
                  <version>${json-web-token.version}</version>
                  <exclusions>
                    <exclusion>
                      <groupId>com.fasterxml.jackson.core</groupId>
                      <artifactId>jackson-databind</artifactId>
                    </exclusion>
                  </exclusions>
                </dependency>
              </dependencies>
              <configuration>
                <rules>
                  <requireMavenVersion>
                    <message>You are running an older version of Maven. Seed4J requires at least Maven ${maven.version}</message>
                    <version>[${maven.version},)</version>
                  </requireMavenVersion>
                  <requireJavaVersion>
                    <message>You are running an incompatible version of Java. Seed4J engine supports JDK 25+.</message>
                    <version>[${java.version},)</version>
                  </requireJavaVersion>
                </rules>
              </configuration>
            </plugin>
          </plugins>
        </pluginManagement>
        <plugins>
          <plugin>
            <artifactId>maven-enforcer-plugin</artifactId>
          </plugin>
        </plugins>
      </build>
      <properties>
        <spring.profiles.active>local</spring.profiles.active>
      </properties>
      <dependencies>
        <dependency>
          <groupId>org.cassandraunit</groupId>
          <artifactId>cassandra-unit</artifactId>
          <version>${cassandraunit.version}</version>
          <scope>test</scope>
        </dependency>
      </dependencies>
    </profile>
  </profiles>
</project>
