import java.util.Properties
// seed4j-needle-gradle-imports

plugins {
  java
  jacoco
  checkstyle
  // seed4j-needle-gradle-plugins
}

val springProfilesActive by extra("local")
// seed4j-needle-gradle-properties

java {
  toolchain {
    languageVersion = JavaLanguageVersion.of(25)
  }
}

jacoco {
  toolVersion = libs.versions.jacoco.get()
}

tasks.jacocoTestReport {
  dependsOn("test", "integrationTest")
  reports {
    xml.required.set(true)
    html.required.set(false)
  }
  executionData.setFrom(fileTree(buildDir).include("**/jacoco/test.exec", "**/jacoco/integrationTest.exec"))
}

checkstyle {
  toolVersion = libs.versions.checkstyle.get()
}

// seed4j-needle-gradle-plugins-configurations

repositories {
  mavenCentral()
  // seed4j-needle-gradle-repositories
}

group = "com.test.myapp"
version = "0.0.1-SNAPSHOT"

val profiles = (project.findProperty("profiles") as String? ?: "")
  .split(",")
  .map { it.trim() }
  .filter { it.isNotEmpty() }
if (profiles.contains("local")) {
  apply(plugin = "profile-local")
}
// seed4j-needle-profile-activation

dependencies {
  implementation(platform(libs.spring.boot.dependencies))
  implementation(libs.spring.boot.starter)
  implementation(libs.jjwt.api)
  implementation(libs.spring.boot.starter.web) {
    exclude(group = "org.springframework.boot", module = "spring-boot-starter-tomcat")
  }
  // seed4j-needle-gradle-implementation-dependencies
  // seed4j-needle-gradle-compile-dependencies
  // seed4j-needle-gradle-runtime-dependencies
  testImplementation(libs.commons.lang3)
  testImplementation(libs.reflections)
  testImplementation(libs.junit.jupiter.engine)
  // seed4j-needle-gradle-test-dependencies
}


tasks.build {
  dependsOn("processResources")
}

tasks.processResources {
  filesMatching("**/*.yml", "**/*.properties") {
    filter {
      it.replace("@spring.profiles.active@", springProfilesActive)
    }
  }
}

// seed4j-needle-gradle-free-configuration-blocks

tasks.test {
  filter {
    includeTestsMatching("**Test*")
    excludeTestsMatching("**IT*")
    excludeTestsMatching("**CucumberTest*")
  }
  useJUnitPlatform()
  finalizedBy("jacocoTestReport")
  // seed4j-needle-gradle-tasks-test
}

val test by testing.suites.existing(JvmTestSuite::class)
tasks.register<Test>("integrationTest") {
  description = "Runs integration tests."
  group = "verification"
  shouldRunAfter("test")

  testClassesDirs = files(test.map { it.sources.output.classesDirs })
  classpath = files(test.map { it.sources.runtimeClasspath })

  filter {
    includeTestsMatching("**IT*")
    includeTestsMatching("**CucumberTest*")
  }
  useJUnitPlatform()
}
